// Jest Snapshot v1, https://goo.gl/fbAQLP

exports[`NameGenerator yields deterministic results 1`] = `
Array [
  "King Alfonso",
  "Vasco da Gama",
  "Frederick Barbarossa",
  "King Alfonso",
  "Charles the Bold",
  "Babur",
  "Bleda the Hun",
  "Ahuitzotol",
  "Giorgi the Brilliant",
  "Ouali Keita",
]
`;
