// Jest Snapshot v1, https://goo.gl/fbAQLP

exports[`Player renders correctly 1`] = `
<PlayerDraftState
  name="Host Player Name"
  player="HOST"
  preset={
    Preset {
      "categoryLimits": Object {
        "ban": Object {},
        "pick": Object {},
      },
      "draftOptions": undefined,
      "encodedCivilisations": "3e3fffffffefff",
      "name": "Default Preset",
      "presetId": undefined,
      "turns": Array [
        Turn {
          "action": "BAN",
          "categories": Array [
            "default",
          ],
          "exclusivity": "GLOBAL",
          "executingPlayer": "HOST",
          "hidden": false,
          "id": "mocked-uuid",
          "parallel": false,
          "player": "HOST",
        },
        Turn {
          "action": "BAN",
          "categories": Array [
            "default",
          ],
          "exclusivity": "GLOBAL",
          "executingPlayer": "GUEST",
          "hidden": false,
          "id": "mocked-uuid",
          "parallel": false,
          "player": "GUEST",
        },
        Turn {
          "action": "BAN",
          "categories": Array [
            "default",
          ],
          "exclusivity": "NONEXCLUSIVE",
          "executingPlayer": "HOST",
          "hidden": true,
          "id": "mocked-uuid",
          "parallel": false,
          "player": "HOST",
        },
        Turn {
          "action": "BAN",
          "categories": Array [
            "default",
          ],
          "exclusivity": "NONEXCLUSIVE",
          "executingPlayer": "GUEST",
          "hidden": true,
          "id": "mocked-uuid",
          "parallel": false,
          "player": "GUEST",
        },
        Turn {
          "action": "REVEAL_ALL",
          "categories": Array [
            "default",
          ],
          "exclusivity": "GLOBAL",
          "executingPlayer": "NONE",
          "hidden": false,
          "id": "mocked-uuid",
          "parallel": false,
          "player": "NONE",
        },
        Turn {
          "action": "PICK",
          "categories": Array [
            "default",
          ],
          "exclusivity": "GLOBAL",
          "executingPlayer": "HOST",
          "hidden": false,
          "id": "mocked-uuid",
          "parallel": false,
          "player": "HOST",
        },
        Turn {
          "action": "PICK",
          "categories": Array [
            "default",
          ],
          "exclusivity": "GLOBAL",
          "executingPlayer": "GUEST",
          "hidden": false,
          "id": "mocked-uuid",
          "parallel": false,
          "player": "GUEST",
        },
        Turn {
          "action": "PICK",
          "categories": Array [
            "default",
          ],
          "exclusivity": "EXCLUSIVE",
          "executingPlayer": "HOST",
          "hidden": false,
          "id": "mocked-uuid",
          "parallel": false,
          "player": "HOST",
        },
        Turn {
          "action": "PICK",
          "categories": Array [
            "default",
          ],
          "exclusivity": "EXCLUSIVE",
          "executingPlayer": "GUEST",
          "hidden": false,
          "id": "mocked-uuid",
          "parallel": false,
          "player": "GUEST",
        },
        Turn {
          "action": "PICK",
          "categories": Array [
            "default",
          ],
          "exclusivity": "NONEXCLUSIVE",
          "executingPlayer": "HOST",
          "hidden": true,
          "id": "mocked-uuid",
          "parallel": false,
          "player": "HOST",
        },
        Turn {
          "action": "PICK",
          "categories": Array [
            "default",
          ],
          "exclusivity": "NONEXCLUSIVE",
          "executingPlayer": "GUEST",
          "hidden": true,
          "id": "mocked-uuid",
          "parallel": false,
          "player": "GUEST",
        },
        Turn {
          "action": "PICK",
          "categories": Array [
            "default",
          ],
          "exclusivity": "NONEXCLUSIVE",
          "executingPlayer": "HOST",
          "hidden": true,
          "id": "mocked-uuid",
          "parallel": false,
          "player": "HOST",
        },
        Turn {
          "action": "PICK",
          "categories": Array [
            "default",
          ],
          "exclusivity": "NONEXCLUSIVE",
          "executingPlayer": "GUEST",
          "hidden": true,
          "id": "mocked-uuid",
          "parallel": false,
          "player": "GUEST",
        },
        Turn {
          "action": "PICK",
          "categories": Array [
            "default",
          ],
          "exclusivity": "NONEXCLUSIVE",
          "executingPlayer": "HOST",
          "hidden": true,
          "id": "mocked-uuid",
          "parallel": false,
          "player": "HOST",
        },
        Turn {
          "action": "PICK",
          "categories": Array [
            "default",
          ],
          "exclusivity": "NONEXCLUSIVE",
          "executingPlayer": "GUEST",
          "hidden": true,
          "id": "mocked-uuid",
          "parallel": false,
          "player": "GUEST",
        },
        Turn {
          "action": "PICK",
          "categories": Array [
            "default",
          ],
          "exclusivity": "NONEXCLUSIVE",
          "executingPlayer": "HOST",
          "hidden": true,
          "id": "mocked-uuid",
          "parallel": false,
          "player": "HOST",
        },
        Turn {
          "action": "PICK",
          "categories": Array [
            "default",
          ],
          "exclusivity": "NONEXCLUSIVE",
          "executingPlayer": "GUEST",
          "hidden": true,
          "id": "mocked-uuid",
          "parallel": false,
          "player": "GUEST",
        },
        Turn {
          "action": "REVEAL_ALL",
          "categories": Array [
            "default",
          ],
          "exclusivity": "GLOBAL",
          "executingPlayer": "NONE",
          "hidden": false,
          "id": "mocked-uuid",
          "parallel": false,
          "player": "NONE",
        },
        Turn {
          "action": "SNIPE",
          "categories": Array [
            "default",
          ],
          "exclusivity": "NONEXCLUSIVE",
          "executingPlayer": "HOST",
          "hidden": true,
          "id": "mocked-uuid",
          "parallel": false,
          "player": "HOST",
        },
        Turn {
          "action": "SNIPE",
          "categories": Array [
            "default",
          ],
          "exclusivity": "NONEXCLUSIVE",
          "executingPlayer": "GUEST",
          "hidden": true,
          "id": "mocked-uuid",
          "parallel": false,
          "player": "GUEST",
        },
        Turn {
          "action": "REVEAL_ALL",
          "categories": Array [
            "default",
          ],
          "exclusivity": "GLOBAL",
          "executingPlayer": "NONE",
          "hidden": false,
          "id": "mocked-uuid",
          "parallel": false,
          "player": "NONE",
        },
      ],
    }
  }
  t={[Function]}
/>
`;
